loading... | rel-hm | user-item-purchase
Namespace(dataset='rel-hm', task='user-item-purchase', lr=0.0005, epochs=20, batch_size=512, channels=64, aggr='sum', num_layers=3, num_neighbors=64, temporal_strategy='last', max_steps_per_epoch=1000, num_workers=0, seed=42, beta=1e-06, gamma=0.1, MAE=0.95, dropout=0.3, optim='both', id_aware=True, vis=False, scheduler=False, fix=False, fix_attn=0.5, cache_dir='/home/huangyi25/.cache/relbench_examples', load_para=True)
Loading Database object from /home/huangyi25/.cache/relbench/rel-hm/db...
Done in 2.51 seconds.
processing table name: customer
processing table name: article
processing table name: transactions
==================================================
('transactions', 'f2p_customer_id', 'customer') : torch.Size([2, 15187287])
('customer', 'rev_f2p_customer_id', 'transactions') : torch.Size([2, 15187287])
('transactions', 'f2p_article_id', 'article') : torch.Size([2, 15187287])
('article', 'rev_f2p_article_id', 'transactions') : torch.Size([2, 15187287])
==================================================
Loading Database object from /home/huangyi25/.cache/relbench/rel-hm/db...
Done in 2.07 seconds.
Epoch: 01, Train loss: (0.15188150374553236, 30699.15625, 0.30814439058303833), Val metrics: {'link_prediction_precision': np.float64(0.007767348307073416), 'link_prediction_recall': np.float64(0.03959869856552948), 'link_prediction_map': np.float64(0.020846958943926065)}, Test metrics: {'link_prediction_precision': np.float64(0.00814418761666468), 'link_prediction_recall': np.float64(0.04282867804914827), 'link_prediction_map': np.float64(0.023006116077868396)}
Epoch: 02, Train loss: (0.0728461085017692, 10955.087890625, 0.09611401706933975), Val metrics: {'link_prediction_precision': np.float64(0.007976310202257234), 'link_prediction_recall': np.float64(0.04056448735690828), 'link_prediction_map': np.float64(0.023654785243116778)}, Test metrics: {'link_prediction_precision': np.float64(0.008319184637991976), 'link_prediction_recall': np.float64(0.04367738502455643), 'link_prediction_map': np.float64(0.02614418857721885)}
Epoch: 03, Train loss: (0.057557992811966864, 4908.6142578125, 0.07117906957864761), Val metrics: {'link_prediction_precision': np.float64(0.00802212537713711), 'link_prediction_recall': np.float64(0.04079430292815481), 'link_prediction_map': np.float64(0.024452508277188426)}, Test metrics: {'link_prediction_precision': np.float64(0.008345248024147106), 'link_prediction_recall': np.float64(0.043857536541570055), 'link_prediction_map': np.float64(0.026762460124275078)}
Epoch: 04, Train loss: (0.052520017625018706, 2556.551025390625, 0.06014248728752136), Val metrics: {'link_prediction_precision': np.float64(0.008063470778857973), 'link_prediction_recall': np.float64(0.0409397323815707), 'link_prediction_map': np.float64(0.024977583090631996)}, Test metrics: {'link_prediction_precision': np.float64(0.008414750387227452), 'link_prediction_recall': np.float64(0.044064773944172464), 'link_prediction_map': np.float64(0.02723781414147327)}
Epoch: 05, Train loss: (0.04970785385661369, 1341.3013916015625, 0.04451795667409897), Val metrics: {'link_prediction_precision': np.float64(0.008100346407419823), 'link_prediction_recall': np.float64(0.041088808273561025), 'link_prediction_map': np.float64(0.02539118889418415)}, Test metrics: {'link_prediction_precision': np.float64(0.008442054887009014), 'link_prediction_recall': np.float64(0.04414669788519906), 'link_prediction_map': np.float64(0.027481944364179046)}
Epoch: 06, Train loss: (0.04688846442539813, 713.8353271484375, 0.03350209444761276), Val metrics: {'link_prediction_precision': np.float64(0.00815063135545871), 'link_prediction_recall': np.float64(0.04127037958282909), 'link_prediction_map': np.float64(0.02508356113275443)}, Test metrics: {'link_prediction_precision': np.float64(0.00846687715953771), 'link_prediction_recall': np.float64(0.04435579093696813), 'link_prediction_map': np.float64(0.027208786674613746)}
Epoch: 07, Train loss: (0.0454375119205451, 378.1114501953125, 0.029027771204710007), Val metrics: {'link_prediction_precision': np.float64(0.008155101128617722), 'link_prediction_recall': np.float64(0.041333778405341685), 'link_prediction_map': np.float64(0.02569325706290937)}, Test metrics: {'link_prediction_precision': np.float64(0.008474323841296318), 'link_prediction_recall': np.float64(0.04430793103467711), 'link_prediction_map': np.float64(0.027767937394645958)}
Epoch: 08, Train loss: (0.04502974643916016, 224.34765625, 0.029619470238685608), Val metrics: {'link_prediction_precision': np.float64(0.008181919767571795), 'link_prediction_recall': np.float64(0.041459407465263325), 'link_prediction_map': np.float64(0.025925629469843395)}, Test metrics: {'link_prediction_precision': np.float64(0.008502869454704317), 'link_prediction_recall': np.float64(0.0444566754563711), 'link_prediction_map': np.float64(0.02791420750269968)}
Epoch: 09, Train loss: (0.0443138331873411, 134.25131225585938, 0.029432667419314384), Val metrics: {'link_prediction_precision': np.float64(0.00817633255112303), 'link_prediction_recall': np.float64(0.041401443935911844), 'link_prediction_map': np.float64(0.025816475850100044)}, Test metrics: {'link_prediction_precision': np.float64(0.008476806068549187), 'link_prediction_recall': np.float64(0.044331217412144526), 'link_prediction_map': np.float64(0.02788752084978865)}
Epoch: 10, Train loss: (0.04389604327856767, 55.159725189208984, 0.028764508664608), Val metrics: {'link_prediction_precision': np.float64(0.008196446530338585), 'link_prediction_recall': np.float64(0.041545599816854226), 'link_prediction_map': np.float64(0.02633692928839343)}, Test metrics: {'link_prediction_precision': np.float64(0.008516521704595098), 'link_prediction_recall': np.float64(0.04450745478828778), 'link_prediction_map': np.float64(0.02835818188871061)}
Epoch: 11, Train loss: (0.043650717409954694, 15.480996131896973, 0.026007110252976418), Val metrics: {'link_prediction_precision': np.float64(0.008184154654151302), 'link_prediction_recall': np.float64(0.04154023760119382), 'link_prediction_map': np.float64(0.026280224464563167)}, Test metrics: {'link_prediction_precision': np.float64(0.00852769172723301), 'link_prediction_recall': np.float64(0.044538638831951326), 'link_prediction_map': np.float64(0.028219482581783053)}
Epoch: 12, Train loss: (0.04338603916863104, 5.619503974914551, 0.024660829454660416), Val metrics: {'link_prediction_precision': np.float64(0.008184154654151302), 'link_prediction_recall': np.float64(0.04151860159433124), 'link_prediction_map': np.float64(0.026495682232630824)}, Test metrics: {'link_prediction_precision': np.float64(0.00852769172723301), 'link_prediction_recall': np.float64(0.04457306481334348), 'link_prediction_map': np.float64(0.02844211723984108)}
Epoch: 13, Train loss: (0.04329187216014677, 1.8726367950439453, 0.025572966784238815), Val metrics: {'link_prediction_precision': np.float64(0.008199798860207844), 'link_prediction_recall': np.float64(0.041623434675319905), 'link_prediction_map': np.float64(0.026238014994860677)}, Test metrics: {'link_prediction_precision': np.float64(0.00852769172723301), 'link_prediction_recall': np.float64(0.04464307674408579), 'link_prediction_map': np.float64(0.028228108325014357)}
Epoch: 14, Train loss: (0.042475289861971535, 0.5501976609230042, 0.02288307622075081), Val metrics: {'link_prediction_precision': np.float64(0.008217677952843892), 'link_prediction_recall': np.float64(0.04160420755343967), 'link_prediction_map': np.float64(0.02629913187553372)}, Test metrics: {'link_prediction_precision': np.float64(0.008512798363715794), 'link_prediction_recall': np.float64(0.044428943390981156), 'link_prediction_map': np.float64(0.02824734183899641)}
Epoch: 15, Train loss: (0.042144492514187934, 0.24167375266551971, 0.019486799836158752), Val metrics: {'link_prediction_precision': np.float64(0.008196446530338585), 'link_prediction_recall': np.float64(0.04162500326746015), 'link_prediction_map': np.float64(0.026429776593948094)}, Test metrics: {'link_prediction_precision': np.float64(0.008533897295365184), 'link_prediction_recall': np.float64(0.04467592500829389), 'link_prediction_map': np.float64(0.028455288412407614)}
Epoch: 16, Train loss: (0.04202288913641302, 0.25647255778312683, 0.019526928663253784), Val metrics: {'link_prediction_precision': np.float64(0.008204268633366856), 'link_prediction_recall': np.float64(0.04151954626703487), 'link_prediction_map': np.float64(0.0263664608218933)}, Test metrics: {'link_prediction_precision': np.float64(0.00852769172723301), 'link_prediction_recall': np.float64(0.04457109208106043), 'link_prediction_map': np.float64(0.028397160942934097)}
Epoch: 17, Train loss: (0.041925410644159895, 0.21084587275981903, 0.018676478415727615), Val metrics: {'link_prediction_precision': np.float64(0.008214325622974633), 'link_prediction_recall': np.float64(0.04159417074456793), 'link_prediction_map': np.float64(0.026130687066037418)}, Test metrics: {'link_prediction_precision': np.float64(0.008541343977123793), 'link_prediction_recall': np.float64(0.044673872328540545), 'link_prediction_map': np.float64(0.028308042238239885)}
Epoch: 18, Train loss: (0.041791590939627844, 0.22316576540470123, 0.017185401171445847), Val metrics: {'link_prediction_precision': np.float64(0.0082199128394234), 'link_prediction_recall': np.float64(0.0416672148104939), 'link_prediction_map': np.float64(0.026422303026680898)}, Test metrics: {'link_prediction_precision': np.float64(0.008557478454267443), 'link_prediction_recall': np.float64(0.04474895582455), 'link_prediction_map': np.float64(0.028605532723359958)}
Epoch: 19, Train loss: (0.04206331413107404, 0.19260580837726593, 0.01821189746260643), Val metrics: {'link_prediction_precision': np.float64(0.008196446530338585), 'link_prediction_recall': np.float64(0.04161415545018237), 'link_prediction_map': np.float64(0.026374463697059813)}, Test metrics: {'link_prediction_precision': np.float64(0.008561201795146748), 'link_prediction_recall': np.float64(0.044770928311001476), 'link_prediction_map': np.float64(0.028380101998892314)}
Epoch: 20, Train loss: (0.04169434123374368, 0.17764000594615936, 0.018205886706709862), Val metrics: {'link_prediction_precision': np.float64(0.008218795396133646), 'link_prediction_recall': np.float64(0.04158320996762097), 'link_prediction_map': np.float64(0.026349570433440793)}, Test metrics: {'link_prediction_precision': np.float64(0.008573612931411095), 'link_prediction_recall': np.float64(0.0447551427256087), 'link_prediction_map': np.float64(0.02845454193849489)}
load best model 12
Best Val metrics: {'link_prediction_precision': np.float64(0.008189741870600066), 'link_prediction_recall': np.float64(0.04154753926373153), 'link_prediction_map': np.float64(0.026449040477777852)}
Best test metrics: {'link_prediction_precision': np.float64(0.008537620636244489), 'link_prediction_recall': np.float64(0.04458317209885884), 'link_prediction_map': np.float64(0.0284626302235226)}
Table as node/edge:
{'customer_transactions_article': tensor(0.6096, device='cuda:0'), 'article_transactions_customer': tensor(0.8801, device='cuda:0')}